System Information
------------------

Raspberry Pi 5 Model B Rev 1.1
NAME=Gentoo
ID=gentoo
PRETTY_NAME="Gentoo Linux"
ANSI_COLOR="1;32"


Linux Pi5-16 6.12.19-v8-16k+ #3 SMP PREEMPT Sun Mar 23 12:44:43 GMT 2025 aarch64 GNU/Linux
Revision	: e04171
Serial		: 52fa955c55ac2e30
Model		: Raspberry Pi 5 Model B Rev 1.1
Throttled flag  : throttled=0xe0000
Camera          : vc_gencmd_read_response returned -1 error=1 error_msg="Command not registered"

Videocore information
---------------------

2025/05/08 15:13:17 
Copyright (c) 2012 Broadcom
version 69471177 (release) (embedded)

vc_gencmd_read_response returned -1
error=1 error_msg="Command not registered"

Filesystem information
----------------------
Filesystem                   1K-blocks     Used Available Use% Mounted on
/dev/mapper/Pi5_16-root        4046560  2372188   1448276  63% /
/dev/dm-1                     51290592  7994608  40658160  17% /usr
/dev/dm-2                     51290592 40161972   8490796  83% /var
tmpfs                          3320944     4208   3316736   1% /run
dev                              10240        0     10240   0% /dev
shm                            8302320        0   8302320   0% /dev/shm
/dev/mapper/Pi5_16-home       40973536   568648  38291352   2% /home
/dev/mapper/Pi5_16-opt         4046560   305232   3515232   8% /opt
/dev/mapper/Pi5_16-binpkg     41235680  5380396  33741748  14% /var/cache/binpkgs
/dev/mapper/Pi5_16-distfiles  82512560 57343300  21357072  73% /var/cache/distfiles
/dev/mapper/Pi5_16-build      41235680  9823720  29298424  26% /var/tmp/portage
/dev/mapper/Pi5_16-repos       4112096   689408   3196592  18% /var/db/repos
/dev/mapper/Pi5_16-src        40973536 14943444  23916556  39% /usr/src
/dev/nvme0n1p1                  261868   181580     80288  70% /boot
tmpfs                          1660464       32   1660432   1% /run/user/1000

Filename				Type		Size		Used		Priority
/dev/mapper/Pi5_16-swap                 partition	16777200	28784		-2

Package version information
---------------------------

Networking Information
----------------------

eth0: flags=4163<UP,BROADCAST,RUNNING,MULTICAST>  mtu 1500
        inet x.x.x.x  netmask x.x.x.x  broadcast x.x.x.x
        inet6 y.y.y.y.y.y.y.y  prefixlen 64  scopeid 0x0<global>
        inet6 y::y.y.y.y  prefixlen 64  scopeid 0x20<link>
        ether m.m.m.m  txqueuelen 1000  (Ethernet)
        RX packets 11336083  bytes 12391710251 (11.5 GiB)
        RX errors 0  dropped 0  overruns 0  frame 0
        TX packets 5306840  bytes 6955031005 (6.4 GiB)
        TX errors 0  dropped 4 overruns 0  carrier 0  collisions 0
        device interrupt 112  

lo: flags=73<UP,LOOPBACK,RUNNING>  mtu 65536
        inet x.x.x.x  netmask x.x.x.x
        inet6 ::1  prefixlen 128  scopeid 0x10<host>
        loop  txqueuelen 1000  (Local Loopback)
        RX packets 268  bytes 17766 (17.3 KiB)
        RX errors 0  dropped 0  overruns 0  frame 0
        TX packets 268  bytes 17766 (17.3 KiB)
        TX errors 0  dropped 0 overruns 0  carrier 0  collisions 0


USB Information
---------------

/:  Bus 001.Port 001: Dev 001, Class=root_hub, Driver=xhci-hcd/2p, 480M
/:  Bus 002.Port 001: Dev 001, Class=root_hub, Driver=xhci-hcd/1p, 5000M
/:  Bus 003.Port 001: Dev 001, Class=root_hub, Driver=xhci-hcd/2p, 480M
/:  Bus 004.Port 001: Dev 001, Class=root_hub, Driver=xhci-hcd/1p, 5000M

Display Information
-------------------

Running (F)KMS, console

/sys/class/drm/card1-HDMI-A-1
3840x2160
3840x2160
3840x2160
3840x2160
3840x2160
3840x2160
3840x2160
2048x1080
1920x1080
1920x1080
1920x1080
1920x1080i
1920x1080i
1920x1080
1920x1080
1920x1080i
1680x1050
1280x1024
1280x1024
1440x900
1440x900
1280x960
1280x720
1280x720
1280x720
1024x768
1024x768
800x600
800x600
720x576
720x576
720x576i
720x576i
720x480
720x480
720x480
720x480
720x480i
720x480i
720x480i
720x480i
640x480
640x480
640x480
640x480
640x480
640x480
720x400
AP///////wAQrIfQTFM5MAUdAQOAXjV4KvojpVVOmicOSEm9SwDRwIGAgUCVD5UAswCBwAEBo2YA
oPBwH4AwIDUArREyAAAeAAAA/wBWN000SjkxUzA5U0wKAAAA/ABERUxMIFA0MzE3UQogAAAA/QAX
UB5jHgAKICAgICAgAbsCAynxTgECAwQFBgeQERIUFRYfIwkHB4MBAABtAwwAIAAAPCAAYAECAwI6
gNByOC1AECyWgK0RMgAAGO9RAKDwcBmAMCA1AK0RMgAAGqNmAKDwcB+AMCA1AK0RMgAAHn05AKCA
OB9AMCA6AK0RMgAAGgAAAAAAAAAAAAAAAAAAqQ==

/sys/class/drm/card1-HDMI-A-2

/sys/class/drm/card1-Writeback-1

/sys/class/drm/card1-Writeback-2


kmsprint is not installed. Install with: sudo apt install kms++-utils

HDMI0:             HDMI_HOTPLUG = 0x00000001
HDMI1:             HDMI_HOTPLUG = 0x00000000

/sys/kernel/debug/dri/1/state:
plane[46]: plane-0
	crtc=(null)
	fb=0
	crtc-pos=0x0+0+0
	src-pos=0.000000x0.000000+0.000000+0.000000
	rotation=1
	normalized-zpos=0
	color-encoding=ITU-R BT.709 YCbCr
	color-range=YCbCr limited range
	color_mgmt_changed=0
plane[65]: plane-1
	crtc=(null)
	fb=0
	crtc-pos=0x0+0+0
	src-pos=0.000000x0.000000+0.000000+0.000000
	rotation=1
	normalized-zpos=0
	color-encoding=ITU-R BT.709 YCbCr
	color-range=YCbCr limited range
	color_mgmt_changed=0
plane[81]: plane-2
	crtc=crtc-2
	fb=677
		allocated by = [fbcon]
		refcount=2
		format=RG16 little-endian (0x36314752)
		modifier=0x0
		size=3840x2160
		layers:
			size[0]=3840x2160
			pitch[0]=7680
			offset[0]=0
			obj[0]:
				name=0
				refcount=2
				start=00040000
				size=16596992
				imported=no
				dma_addr=0x0000000a7f000000
				vaddr=00000000d02b2420
	crtc-pos=3840x2160+0+0
	src-pos=3840.000000x2160.000000+0.000000+0.000000
	rotation=1
	normalized-zpos=0
	color-encoding=ITU-R BT.709 YCbCr
	color-range=YCbCr limited range
	color_mgmt_changed=0
plane[93]: plane-3
	crtc=(null)
	fb=0
	crtc-pos=0x0+0+0
	src-pos=0.000000x0.000000+0.000000+0.000000
	rotation=1
	normalized-zpos=0
	color-encoding=ITU-R BT.709 YCbCr
	color-range=YCbCr limited range
	color_mgmt_changed=0
plane[105]: plane-4
	crtc=(null)
	fb=0
	crtc-pos=0x0+0+0
	src-pos=0.000000x0.000000+0.000000+0.000000
	rotation=1
	normalized-zpos=1
	color-encoding=ITU-R BT.709 YCbCr
	color-range=YCbCr limited range
	color_mgmt_changed=0
plane[116]: plane-5
	crtc=(null)
	fb=0
	crtc-pos=0x0+0+0
	src-pos=0.000000x0.000000+0.000000+0.000000
	rotation=1
	normalized-zpos=2
	color-encoding=ITU-R BT.709 YCbCr
	color-range=YCbCr limited range
	color_mgmt_changed=0
plane[127]: plane-6
	crtc=(null)
	fb=0
	crtc-pos=0x0+0+0
	src-pos=0.000000x0.000000+0.000000+0.000000
	rotation=1
	normalized-zpos=3
	color-encoding=ITU-R BT.709 YCbCr
	color-range=YCbCr limited range
	color_mgmt_changed=0
plane[138]: plane-7
	crtc=(null)
	fb=0
	crtc-pos=0x0+0+0
	src-pos=0.000000x0.000000+0.000000+0.000000
	rotation=1
	normalized-zpos=4
	color-encoding=ITU-R BT.709 YCbCr
	color-range=YCbCr limited range
	color_mgmt_changed=0
plane[149]: plane-8
	crtc=(null)
	fb=0
	crtc-pos=0x0+0+0
	src-pos=0.000000x0.000000+0.000000+0.000000
	rotation=1
	normalized-zpos=5
	color-encoding=ITU-R BT.709 YCbCr
	color-range=YCbCr limited range
	color_mgmt_changed=0
plane[160]: plane-9
	crtc=(null)
	fb=0
	crtc-pos=0x0+0+0
	src-pos=0.000000x0.000000+0.000000+0.000000
	rotation=1
	normalized-zpos=6
	color-encoding=ITU-R BT.709 YCbCr
	color-range=YCbCr limited range
	color_mgmt_changed=0
plane[171]: plane-10
	crtc=(null)
	fb=0
	crtc-pos=0x0+0+0
	src-pos=0.000000x0.000000+0.000000+0.000000
	rotation=1
	normalized-zpos=7
	color-encoding=ITU-R BT.709 YCbCr
	color-range=YCbCr limited range
	color_mgmt_changed=0
plane[182]: plane-11
	crtc=(null)
	fb=0
	crtc-pos=0x0+0+0
	src-pos=0.000000x0.000000+0.000000+0.000000
	rotation=1
	normalized-zpos=8
	color-encoding=ITU-R BT.709 YCbCr
	color-range=YCbCr limited range
	color_mgmt_changed=0
plane[193]: plane-12
	crtc=(null)
	fb=0
	crtc-pos=0x0+0+0
	src-pos=0.000000x0.000000+0.000000+0.000000
	rotation=1
	normalized-zpos=9
	color-encoding=ITU-R BT.709 YCbCr
	color-range=YCbCr limited range
	color_mgmt_changed=0
plane[204]: plane-13
	crtc=(null)
	fb=0
	crtc-pos=0x0+0+0
	src-pos=0.000000x0.000000+0.000000+0.000000
	rotation=1
	normalized-zpos=a
	color-encoding=ITU-R BT.709 YCbCr
	color-range=YCbCr limited range
	color_mgmt_changed=0
plane[215]: plane-14
	crtc=(null)
	fb=0
	crtc-pos=0x0+0+0
	src-pos=0.000000x0.000000+0.000000+0.000000
	rotation=1
	normalized-zpos=b
	color-encoding=ITU-R BT.709 YCbCr
	color-range=YCbCr limited range
	color_mgmt_changed=0
plane[226]: plane-15
	crtc=(null)
	fb=0
	crtc-pos=0x0+0+0
	src-pos=0.000000x0.000000+0.000000+0.000000
	rotation=1
	normalized-zpos=c
	color-encoding=ITU-R BT.709 YCbCr
	color-range=YCbCr limited range
	color_mgmt_changed=0
plane[237]: plane-16
	crtc=(null)
	fb=0
	crtc-pos=0x0+0+0
	src-pos=0.000000x0.000000+0.000000+0.000000
	rotation=1
	normalized-zpos=d
	color-encoding=ITU-R BT.709 YCbCr
	color-range=YCbCr limited range
	color_mgmt_changed=0
plane[248]: plane-17
	crtc=(null)
	fb=0
	crtc-pos=0x0+0+0
	src-pos=0.000000x0.000000+0.000000+0.000000
	rotation=1
	normalized-zpos=e
	color-encoding=ITU-R BT.709 YCbCr
	color-range=YCbCr limited range
	color_mgmt_changed=0
plane[259]: plane-18
	crtc=(null)
	fb=0
	crtc-pos=0x0+0+0
	src-pos=0.000000x0.000000+0.000000+0.000000
	rotation=1
	normalized-zpos=f
	color-encoding=ITU-R BT.709 YCbCr
	color-range=YCbCr limited range
	color_mgmt_changed=0
plane[270]: plane-19
	crtc=(null)
	fb=0
	crtc-pos=0x0+0+0
	src-pos=0.000000x0.000000+0.000000+0.000000
	rotation=1
	normalized-zpos=10
	color-encoding=ITU-R BT.709 YCbCr
	color-range=YCbCr limited range
	color_mgmt_changed=0
plane[281]: plane-20
	crtc=(null)
	fb=0
	crtc-pos=0x0+0+0
	src-pos=0.000000x0.000000+0.000000+0.000000
	rotation=1
	normalized-zpos=1
	color-encoding=ITU-R BT.709 YCbCr
	color-range=YCbCr limited range
	color_mgmt_changed=0
plane[292]: plane-21
	crtc=(null)
	fb=0
	crtc-pos=0x0+0+0
	src-pos=0.000000x0.000000+0.000000+0.000000
	rotation=1
	normalized-zpos=2
	color-encoding=ITU-R BT.709 YCbCr
	color-range=YCbCr limited range
	color_mgmt_changed=0
plane[303]: plane-22
	crtc=(null)
	fb=0
	crtc-pos=0x0+0+0
	src-pos=0.000000x0.000000+0.000000+0.000000
	rotation=1
	normalized-zpos=3
	color-encoding=ITU-R BT.709 YCbCr
	color-range=YCbCr limited range
	color_mgmt_changed=0
plane[314]: plane-23
	crtc=(null)
	fb=0
	crtc-pos=0x0+0+0
	src-pos=0.000000x0.000000+0.000000+0.000000
	rotation=1
	normalized-zpos=4
	color-encoding=ITU-R BT.709 YCbCr
	color-range=YCbCr limited range
	color_mgmt_changed=0
plane[325]: plane-24
	crtc=(null)
	fb=0
	crtc-pos=0x0+0+0
	src-pos=0.000000x0.000000+0.000000+0.000000
	rotation=1
	normalized-zpos=5
	color-encoding=ITU-R BT.709 YCbCr
	color-range=YCbCr limited range
	color_mgmt_changed=0
plane[336]: plane-25
	crtc=(null)
	fb=0
	crtc-pos=0x0+0+0
	src-pos=0.000000x0.000000+0.000000+0.000000
	rotation=1
	normalized-zpos=6
	color-encoding=ITU-R BT.709 YCbCr
	color-range=YCbCr limited range
	color_mgmt_changed=0
plane[347]: plane-26
	crtc=(null)
	fb=0
	crtc-pos=0x0+0+0
	src-pos=0.000000x0.000000+0.000000+0.000000
	rotation=1
	normalized-zpos=7
	color-encoding=ITU-R BT.709 YCbCr
	color-range=YCbCr limited range
	color_mgmt_changed=0
plane[358]: plane-27
	crtc=(null)
	fb=0
	crtc-pos=0x0+0+0
	src-pos=0.000000x0.000000+0.000000+0.000000
	rotation=1
	normalized-zpos=8
	color-encoding=ITU-R BT.709 YCbCr
	color-range=YCbCr limited range
	color_mgmt_changed=0
plane[369]: plane-28
	crtc=(null)
	fb=0
	crtc-pos=0x0+0+0
	src-pos=0.000000x0.000000+0.000000+0.000000
	rotation=1
	normalized-zpos=9
	color-encoding=ITU-R BT.709 YCbCr
	color-range=YCbCr limited range
	color_mgmt_changed=0
plane[380]: plane-29
	crtc=(null)
	fb=0
	crtc-pos=0x0+0+0
	src-pos=0.000000x0.000000+0.000000+0.000000
	rotation=1
	normalized-zpos=a
	color-encoding=ITU-R BT.709 YCbCr
	color-range=YCbCr limited range
	color_mgmt_changed=0
plane[391]: plane-30
	crtc=(null)
	fb=0
	crtc-pos=0x0+0+0
	src-pos=0.000000x0.000000+0.000000+0.000000
	rotation=1
	normalized-zpos=b
	color-encoding=ITU-R BT.709 YCbCr
	color-range=YCbCr limited range
	color_mgmt_changed=0
plane[402]: plane-31
	crtc=(null)
	fb=0
	crtc-pos=0x0+0+0
	src-pos=0.000000x0.000000+0.000000+0.000000
	rotation=1
	normalized-zpos=c
	color-encoding=ITU-R BT.709 YCbCr
	color-range=YCbCr limited range
	color_mgmt_changed=0
plane[413]: plane-32
	crtc=(null)
	fb=0
	crtc-pos=0x0+0+0
	src-pos=0.000000x0.000000+0.000000+0.000000
	rotation=1
	normalized-zpos=d
	color-encoding=ITU-R BT.709 YCbCr
	color-range=YCbCr limited range
	color_mgmt_changed=0
plane[424]: plane-33
	crtc=(null)
	fb=0
	crtc-pos=0x0+0+0
	src-pos=0.000000x0.000000+0.000000+0.000000
	rotation=1
	normalized-zpos=e
	color-encoding=ITU-R BT.709 YCbCr
	color-range=YCbCr limited range
	color_mgmt_changed=0
plane[435]: plane-34
	crtc=(null)
	fb=0
	crtc-pos=0x0+0+0
	src-pos=0.000000x0.000000+0.000000+0.000000
	rotation=1
	normalized-zpos=f
	color-encoding=ITU-R BT.709 YCbCr
	color-range=YCbCr limited range
	color_mgmt_changed=0
plane[446]: plane-35
	crtc=(null)
	fb=0
	crtc-pos=0x0+0+0
	src-pos=0.000000x0.000000+0.000000+0.000000
	rotation=1
	normalized-zpos=10
	color-encoding=ITU-R BT.709 YCbCr
	color-range=YCbCr limited range
	color_mgmt_changed=0
plane[457]: plane-36
	crtc=(null)
	fb=0
	crtc-pos=0x0+0+0
	src-pos=0.000000x0.000000+0.000000+0.000000
	rotation=1
	normalized-zpos=11
	color-encoding=ITU-R BT.709 YCbCr
	color-range=YCbCr limited range
	color_mgmt_changed=0
plane[468]: plane-37
	crtc=(null)
	fb=0
	crtc-pos=0x0+0+0
	src-pos=0.000000x0.000000+0.000000+0.000000
	rotation=1
	normalized-zpos=12
	color-encoding=ITU-R BT.709 YCbCr
	color-range=YCbCr limited range
	color_mgmt_changed=0
plane[479]: plane-38
	crtc=(null)
	fb=0
	crtc-pos=0x0+0+0
	src-pos=0.000000x0.000000+0.000000+0.000000
	rotation=1
	normalized-zpos=13
	color-encoding=ITU-R BT.709 YCbCr
	color-range=YCbCr limited range
	color_mgmt_changed=0
plane[490]: plane-39
	crtc=(null)
	fb=0
	crtc-pos=0x0+0+0
	src-pos=0.000000x0.000000+0.000000+0.000000
	rotation=1
	normalized-zpos=14
	color-encoding=ITU-R BT.709 YCbCr
	color-range=YCbCr limited range
	color_mgmt_changed=0
plane[501]: plane-40
	crtc=(null)
	fb=0
	crtc-pos=0x0+0+0
	src-pos=0.000000x0.000000+0.000000+0.000000
	rotation=1
	normalized-zpos=15
	color-encoding=ITU-R BT.709 YCbCr
	color-range=YCbCr limited range
	color_mgmt_changed=0
plane[512]: plane-41
	crtc=(null)
	fb=0
	crtc-pos=0x0+0+0
	src-pos=0.000000x0.000000+0.000000+0.000000
	rotation=1
	normalized-zpos=16
	color-encoding=ITU-R BT.709 YCbCr
	color-range=YCbCr limited range
	color_mgmt_changed=0
plane[523]: plane-42
	crtc=(null)
	fb=0
	crtc-pos=0x0+0+0
	src-pos=0.000000x0.000000+0.000000+0.000000
	rotation=1
	normalized-zpos=17
	color-encoding=ITU-R BT.709 YCbCr
	color-range=YCbCr limited range
	color_mgmt_changed=0
plane[534]: plane-43
	crtc=(null)
	fb=0
	crtc-pos=0x0+0+0
	src-pos=0.000000x0.000000+0.000000+0.000000
	rotation=1
	normalized-zpos=18
	color-encoding=ITU-R BT.709 YCbCr
	color-range=YCbCr limited range
	color_mgmt_changed=0
plane[545]: plane-44
	crtc=(null)
	fb=0
	crtc-pos=0x0+0+0
	src-pos=0.000000x0.000000+0.000000+0.000000
	rotation=1
	normalized-zpos=19
	color-encoding=ITU-R BT.709 YCbCr
	color-range=YCbCr limited range
	color_mgmt_changed=0
plane[556]: plane-45
	crtc=(null)
	fb=0
	crtc-pos=0x0+0+0
	src-pos=0.000000x0.000000+0.000000+0.000000
	rotation=1
	normalized-zpos=1a
	color-encoding=ITU-R BT.709 YCbCr
	color-range=YCbCr limited range
	color_mgmt_changed=0
plane[567]: plane-46
	crtc=(null)
	fb=0
	crtc-pos=0x0+0+0
	src-pos=0.000000x0.000000+0.000000+0.000000
	rotation=1
	normalized-zpos=1b
	color-encoding=ITU-R BT.709 YCbCr
	color-range=YCbCr limited range
	color_mgmt_changed=0
plane[578]: plane-47
	crtc=(null)
	fb=0
	crtc-pos=0x0+0+0
	src-pos=0.000000x0.000000+0.000000+0.000000
	rotation=1
	normalized-zpos=1c
	color-encoding=ITU-R BT.709 YCbCr
	color-range=YCbCr limited range
	color_mgmt_changed=0
plane[589]: plane-48
	crtc=(null)
	fb=0
	crtc-pos=0x0+0+0
	src-pos=0.000000x0.000000+0.000000+0.000000
	rotation=1
	normalized-zpos=1d
	color-encoding=ITU-R BT.709 YCbCr
	color-range=YCbCr limited range
	color_mgmt_changed=0
plane[600]: plane-49
	crtc=(null)
	fb=0
	crtc-pos=0x0+0+0
	src-pos=0.000000x0.000000+0.000000+0.000000
	rotation=1
	normalized-zpos=1e
	color-encoding=ITU-R BT.709 YCbCr
	color-range=YCbCr limited range
	color_mgmt_changed=0
plane[611]: plane-50
	crtc=(null)
	fb=0
	crtc-pos=0x0+0+0
	src-pos=0.000000x0.000000+0.000000+0.000000
	rotation=1
	normalized-zpos=1f
	color-encoding=ITU-R BT.709 YCbCr
	color-range=YCbCr limited range
	color_mgmt_changed=0
plane[622]: plane-51
	crtc=(null)
	fb=0
	crtc-pos=0x0+0+0
	src-pos=0.000000x0.000000+0.000000+0.000000
	rotation=1
	normalized-zpos=20
	color-encoding=ITU-R BT.709 YCbCr
	color-range=YCbCr limited range
	color_mgmt_changed=0
plane[633]: plane-52
	crtc=(null)
	fb=0
	crtc-pos=0x0+0+0
	src-pos=0.000000x0.000000+0.000000+0.000000
	rotation=1
	normalized-zpos=11
	color-encoding=ITU-R BT.709 YCbCr
	color-range=YCbCr limited range
	color_mgmt_changed=0
plane[644]: plane-53
	crtc=(null)
	fb=0
	crtc-pos=0x0+0+0
	src-pos=0.000000x0.000000+0.000000+0.000000
	rotation=1
	normalized-zpos=11
	color-encoding=ITU-R BT.709 YCbCr
	color-range=YCbCr limited range
	color_mgmt_changed=0
plane[655]: plane-54
	crtc=(null)
	fb=0
	crtc-pos=0x0+0+0
	src-pos=0.000000x0.000000+0.000000+0.000000
	rotation=1
	normalized-zpos=11
	color-encoding=ITU-R BT.709 YCbCr
	color-range=YCbCr limited range
	color_mgmt_changed=0
plane[666]: plane-55
	crtc=(null)
	fb=0
	crtc-pos=0x0+0+0
	src-pos=0.000000x0.000000+0.000000+0.000000
	rotation=1
	normalized-zpos=11
	color-encoding=ITU-R BT.709 YCbCr
	color-range=YCbCr limited range
	color_mgmt_changed=0
crtc[57]: mop
	enable=0
	active=0
	self_refresh_active=0
	planes_changed=0
	mode_changed=0
	active_changed=0
	connectors_changed=0
	color_mgmt_changed=0
	plane_mask=0
	connector_mask=0
	encoder_mask=0
	mode: "": 0 0 0 0 0 0 0 0 0 0 0x0 0x0
crtc[76]: moplet
	enable=0
	active=0
	self_refresh_active=0
	planes_changed=0
	mode_changed=0
	active_changed=0
	connectors_changed=0
	color_mgmt_changed=0
	plane_mask=0
	connector_mask=0
	encoder_mask=0
	mode: "": 0 0 0 0 0 0 0 0 0 0 0x0 0x0
crtc[92]: crtc-2
	enable=1
	active=1
	self_refresh_active=0
	planes_changed=1
	mode_changed=1
	active_changed=1
	connectors_changed=1
	color_mgmt_changed=0
	plane_mask=4
	connector_mask=1
	encoder_mask=1
	mode: "3840x2160": 30 262750 3840 3888 3920 4000 2160 2163 2168 2191 0x48 0x5
crtc[104]: crtc-3
	enable=0
	active=0
	self_refresh_active=0
	planes_changed=0
	mode_changed=0
	active_changed=0
	connectors_changed=0
	color_mgmt_changed=0
	plane_mask=0
	connector_mask=0
	encoder_mask=0
	mode: "": 0 0 0 0 0 0 0 0 0 0 0x0 0x0
connector[33]: HDMI-A-1
	crtc=crtc-2
	self_refresh_aware=0
	max_requested_bpc=8
	colorspace=Default
	broadcast_rgb=Automatic
	is_limited_range=n
	output_bpc=8
	output_format=RGB
	tmds_char_rate=262750000
connector[42]: HDMI-A-2
	crtc=(null)
	self_refresh_aware=0
	max_requested_bpc=8
	colorspace=Default
	broadcast_rgb=Automatic
	is_limited_range=n
	output_bpc=0
	output_format=RGB
	tmds_char_rate=0
connector[63]: Writeback-1
	crtc=(null)
	self_refresh_aware=0
	max_requested_bpc=0
	colorspace=Default
connector[79]: Writeback-2
	crtc=(null)
	self_refresh_aware=0
	max_requested_bpc=0
	colorspace=Default
HVS State
	Core Clock Rate: 260240000
	Channel 0
		in use=1
		load=260240000
	Channel 1
		in use=0
		load=0
	Channel 2
		in use=0
		load=0



Audio Information
-------------------

**** List of PLAYBACK Hardware Devices ****
card 0: vc4hdmi0 [vc4-hdmi-0], device 0: MAI PCM i2s-hifi-0 [MAI PCM i2s-hifi-0]
  Subdevices: 1/1
  Subdevice #0: subdevice #0
card 1: vc4hdmi1 [vc4-hdmi-1], device 0: MAI PCM i2s-hifi-0 [MAI PCM i2s-hifi-0]
  Subdevices: 1/1
  Subdevice #0: subdevice #0

null
    Discard all samples (playback) or generate zero samples (capture)
default
    Default Audio Device
sysdefault
    Default Audio Device
default:CARD=vc4hdmi0
    vc4-hdmi-0, MAI PCM i2s-hifi-0
    Default Audio Device
sysdefault:CARD=vc4hdmi0
    vc4-hdmi-0, MAI PCM i2s-hifi-0
    Default Audio Device
hdmi:CARD=vc4hdmi0,DEV=0
    vc4-hdmi-0, MAI PCM i2s-hifi-0
    HDMI Audio Output
default:CARD=vc4hdmi1
    vc4-hdmi-1, MAI PCM i2s-hifi-0
    Default Audio Device
sysdefault:CARD=vc4hdmi1
    vc4-hdmi-1, MAI PCM i2s-hifi-0
    Default Audio Device
hdmi:CARD=vc4hdmi1,DEV=0
    vc4-hdmi-1, MAI PCM i2s-hifi-0
    HDMI Audio Output


pactl not installed

config.txt
----------

arm_64bit=1
arm_freq=2400
arm_freq_min=1500
arm_peri_high=1
audio_pwm_mode=2
avs_temp=48271
camera_auto_detect=-1
core_freq=910
core_freq_min=500
disable_commandline_tags=2
disable_fw_kms_setup=1
disable_l2cache=1
disable_overscan=1
display_default_lcd=-1
display_hdmi_rotate=-1
display_lcd_rotate=-1
dvfs=4
enable_gic=1
force_eeprom_read=1
force_pwm_open=1
framebuffer_depth=16
framebuffer_ignore_alpha=1
framebuffer_swap=1
gpu_freq_min=500
hdmi_enable_4kp60=1
hevc_freq=910
hevc_freq_min=500
ignore_lcd=-1
init_uart_clock=0x2dc6c00
initial_turbo=60
isp_freq=910
isp_freq_min=500
mask_gpu_interrupt1=16418
max_framebuffers=2
over_voltage_avs=0x19578
pause_burst_frames=1
pciex4_reset=1
pmic_turbo_threshold=1500
program_serial_random=1
ramfsaddr=-1
total_mem=16384
usb_max_current_enable=1
v3d_freq=960
v3d_freq_min=500
vpred=8638
vpred_max=8638
hdmi_force_cec_address:0=65535
hdmi_force_cec_address:1=65535
device_tree=bcm2712-rpi-cm5-cm5io.dtb_6.12.19-v8-16k+
kernel=6.12.19-v8-16k+
overlay_prefix=overlays/
ramfsfile=initramfs_1.cpio
hdmi_cvt:0=
hdmi_cvt:1=
hdmi_edid_filename:0=
hdmi_edid_filename:1=
hdmi_timings:0=
hdmi_timings:1=

cmdline.txt
-----------
reboot=w coherent_pool=1M 8250.nr_uarts=1 pci=pcie_bus_safe cgroup_disable=memory numa_policy=interleave  numa=fake=8 system_heap.max_order=0 smsc95xx.macaddr=2C:CF:67:F4:BD:B7 vc_mem.mem_base=0x3fc00000 vc_mem.mem_size=0x40000000  dwc_otg.lpm_enable=0 console=tty root=/dev/mapper/Pi5_16-root rootfstype=ext4 rootwait cma=256M@256M net.ifnames=0 usb-storage.quirks=0bda:9210:u nvme.core.default._ps_max_latencyus=0 pcie_aspm=off pcie_port_pm=off

pin configuration
-----------------

 0: ip    pu | hi // ID_SDA/GPIO0 = input
 1: ip    pu | hi // ID_SCL/GPIO1 = input
 2: no    pu | -- // GPIO2 = none
 3: no    pu | -- // GPIO3 = none
 4: no    pu | -- // GPIO4 = none
 5: no    pu | -- // GPIO5 = none
 6: no    pu | -- // GPIO6 = none
 7: no    pu | -- // GPIO7 = none
 8: no    pu | -- // GPIO8 = none
 9: no    pd | -- // GPIO9 = none
10: no    pd | -- // GPIO10 = none
11: no    pd | -- // GPIO11 = none
12: no    pd | -- // GPIO12 = none
13: no    pd | -- // GPIO13 = none
14: no    pd | -- // GPIO14 = none
15: no    pd | -- // GPIO15 = none
16: no    pd | -- // GPIO16 = none
17: no    pd | -- // GPIO17 = none
18: no    pd | -- // GPIO18 = none
19: no    pd | -- // GPIO19 = none
20: no    pd | -- // GPIO20 = none
21: no    pd | -- // GPIO21 = none
22: no    pd | -- // GPIO22 = none
23: no    pd | -- // GPIO23 = none
24: no    pd | -- // GPIO24 = none
25: no    pd | -- // GPIO25 = none
26: no    pd | -- // GPIO26 = none
27: no    pd | -- // GPIO27 = none
28: op dh pd | hi // PCIE_PWR_EN/GPIO28 = output
29: no    pu | hi // FAN_TACH/GPIO29 = none
30: no    pu | -- // HOST_SDA/GPIO30 = none
31: no    pu | -- // HOST_SCL/GPIO31 = none
32: op dh pd | hi // ETH_RST_N/GPIO32 = output
33: no    pd | hi // PCIE_DET_WAKE/GPIO33 = none
34: op dl pd | lo // CD0_IO0_MICCLK/GPIO34 = output
35: no    pd | lo // CD0_IO0_MICDAT0/GPIO35 = none
36: no    pd | lo // RP1_PCIE_CLKREQ_N/GPIO36 = none
37: no    pd | lo // ETH_IRQ_N/GPIO37 = none
38: no    pd | hi // SDA0/GPIO38 = none
39: no    pd | hi // SCL0/GPIO39 = none
40: no    pd | hi // GPIO40 = none
41: no    pd | hi // GPIO41 = none
42: a2    pd | hi // USB_VBUS_EN/GPIO42 = VBUS_EN1
43: a2    pu | hi // GPIO43 = VBUS_OC1
44: op dh pd | hi // RP1_STAT_LED/GPIO44 = output
45: a0    pd | lo // FAN_PWM/GPIO45 = PWM1_CHAN3
46: op dh pd | hi // GPIO46 = output
47: no    pd | lo // 2712_WAKE/GPIO47 = none
48: op dh pd | hi // GPIO48 = output
49: op dh pd | hi // GPIO49 = output
50: no    pd | -- // GPIO50 = none
51: no    pd | -- // GPIO51 = none
52: no    pu | -- // GPIO52 = none
53: no    pu | hi // GPIO53 = none
101: op dh pu | hi // 2712_BOOT_CS_N/GPIO1 = output
102: a7    pn | hi // 2712_BOOT_MISO/GPIO2 = VC_SPI0_MISO
103: a6    pn | hi // 2712_BOOT_MOSI/GPIO3 = VC_SPI0_MOSI
104: a6    pn | lo // 2712_BOOT_SCLK/GPIO4 = VC_SPI0_SCLK
110: ip    pd | lo // GPIO10 = input
111: ip    pd | lo // GPIO11 = input
112: ip    pd | lo // GPIO12 = input
113: ip    pd | lo // GPIO13 = input
114: a1    pd | lo // GPIO14 = SPI_S_MOSI_OR_BSC_S_SDA
115: a1    pd | lo // GPIO15 = SPI_S_SCK_OR_BSC_S_SCL
118: ip    pd | lo // GPIO18 = input
119: ip    pd | lo // GPIO19 = input
120: ip    pu | hi // PWR_GPIO/GPIO20 = input
121: ip    pd | lo // 2712_G21_FS/GPIO21 = input
122: ip    pu | hi // GPIO22 = input
123: ip    pd | lo // GPIO23 = input
124: a4    pn | lo // BT_RTS/GPIO24 = UART_RTS_0
125: a4    pu | lo // BT_CTS/GPIO25 = UART_CTS_0
126: a4    pn | hi // BT_TXD/GPIO26 = UART_TXD_0
127: a4    pu | hi // BT_RXD/GPIO27 = UART_RXD_0
128: op dh pd | hi // WL_ON/GPIO28 = output
129: op dh pd | hi // BT_ON/GPIO29 = output
130: a1    pn | hi // WIFI_SDIO_CLK/GPIO30 = SD2_CLK
131: a1    pu | hi // WIFI_SDIO_CMD/GPIO31 = SD2_CMD
132: a1    pu | hi // WIFI_SDIO_D0/GPIO32 = SD2_DAT0
133: a1    pu | hi // WIFI_SDIO_D1/GPIO33 = SD2_DAT1
134: a1    pu | hi // WIFI_SDIO_D2/GPIO34 = SD2_DAT2
135: a1    pu | hi // WIFI_SDIO_D3/GPIO35 = SD2_DAT3
200: ip    pd | hi // RP1_SDA/AON_GPIO0 = input
201: ip    pd | hi // RP1_SCL/AON_GPIO1 = input
202: op dh pd | hi // RP1_RUN/AON_GPIO2 = output
203: op dl pd | lo // SD_IOVDD_SEL/AON_GPIO3 = output
204: op dh pd | hi // SD_PWR_ON/AON_GPIO4 = output
205: op dh pd | hi // ANT1/AON_GPIO5 = output
206: op dl pd | lo // ANT2/AON_GPIO6 = output
208: ip    pd | lo // 2712_WAKE/AON_GPIO8 = input
209: op dh pd | hi // 2712_STAT_LED/AON_GPIO9 = output
212: ip    pd | lo // PMIC_INT/AON_GPIO12 = input
213: a2    pu | hi // UART_TX_FS/AON_GPIO13 = VC_TXD0
214: a3    pu | hi // UART_RX_FS/AON_GPIO14 = VC_RXD0
232: a1    -- | hi // HDMI0_SCL/AON_SGPIO0 = HDMI_TX0_BSC_SCL
233: a1    -- | hi // HDMI0_SDA/AON_SGPIO1 = HDMI_TX0_BSC_SDA
234: a1    -- | hi // HDMI1_SCL/AON_SGPIO2 = HDMI_TX1_BSC_SCL
235: a1    -- | hi // HDMI1_SDA/AON_SGPIO3 = HDMI_TX1_BSC_SDA
236: a2    -- | hi // PMIC_SCL/AON_SGPIO4 = BSC_M2_SCL
237: a2    -- | hi // PMIC_SDA/AON_SGPIO5 = BSC_M2_SDA

vcdbg log messages
------------------

005346.185: *** Restart logging
005360.755: Initial voltage 800000 temp 46622
005561.172: avs_2712: AVS pred 8638 863800 temp 48271
005564.774: vpred 863 mV +0
005573.434: FB framebuffer_swap 1
005593.169: Select resolution HDMI0/2 hotplug 1 max_mode 2
005609.641: HDMI0 edid block 0 offset 0
005612.025: 00ffffffffffff0010ac87d04c533930
005617.697: 051d0103805e35782afa23a5554e9a27
005623.370: 0e4849bd4b00d1c081808140950f9500
005629.043: b30081c00101a36600a0f0701f803020
005634.716: 3500ad113200001e000000ff0056374d
005640.388: 344a3931533039534c0a000000fc0044
005646.061: 454c4c205034333137510a20000000fd
005651.734: 0017501e631e000a20202020202001bb
005669.831: HDMI0 edid block 1 offset 128
005672.387: 020329f14e0102030405060790111214
005678.059: 15161f23090707830100006d030c0020
005683.732: 00003c200060010203023a80d072382d
005689.405: 40102c9680ad1132000018ef5100a0f0
005695.078: 70198030203500ad113200001aa36600
005700.751: a0f0701f8030203500ad113200001e7d
005706.423: 3900a080381f4030203a00ad11320000
005712.096: 1a0000000000000000000000000000a9
005717.788: HDMI0: best-mode 2 (limit 2) 1920x1080 60 Hz CEA modes fe007780000000000000000000000000 extensions 1
005729.381: Select resolution HDMI1/2 hotplug 0 max_mode 2
005736.303: FB0 disp 0 max-fb 2 1920x1080 stride 3840 base 0x3f800000
006220.020: initramfs (initramfs_1.cpio) loaded to 0x2e685000 (size 0x97a400)
006330.749: Loaded overlay 'bcm2712d0'
006418.201: dtparam: audio=on
006426.750: Unknown dtparam 'audio' - ignored
006500.232: Loaded overlay 'vc4-kms-v3d-pi5'
006503.118: dtparam: pciex1=true
006689.246: Read command line from file 'cmdline.txt':
006695.745: 'dwc_otg.lpm_enable=0 console=tty root=/dev/mapper/Pi5_16-root rootfstype=ext4 rootwait cma=256M@256M net.ifnames=0 usb-storage.quirks=0bda:9210:u nvme.core.default._ps_max_latencyus=0 pcie_aspm=off pcie_port_pm=off'
006920.314: RPM 6949, max RPM 6949
008151.230: Device tree loaded to 0x2e671400 (size 0x13bfa)
008227.482: Starting OS 8227 ms
008233.006: 00000040: -> 00000480
008234.860: 00000030: -> 00100080
008239.572: 00000034: -> 00100080
008244.285: 00000038: -> 00100080
008248.998: 0000003c: -> 00100080
008358.570: sdram: sdram refresh 2081->4162 (2)
068328.691: initial_turbo of 60 deactivated
274101.232: sdram: sdram refresh 2081->2081 (3)
619844.121: sdram: sdram refresh 2081->4162 (2)

dmesg log
---------

[    0.000000] Booting Linux on physical CPU 0x0000000000 [0x414fd0b1]
[    0.000000] Linux version 6.12.19-v8-16k+ (root@CM5-Builder) (gcc (Gentoo 14.2.1_p20250301 p8) 14.2.1 20250301, GNU ld (Gentoo 2.44 p1) 2.44.0) #3 SMP PREEMPT Sun Mar 23 12:44:43 GMT 2025
[    0.000000] KASLR enabled
[    0.000000] random: crng init done
[    0.000000] Machine model: Raspberry Pi 5 Model B Rev 1.1
[    0.000000] efi: UEFI not found.
[    0.000000] Reserved memory: bypass linux,cma node, using cmdline CMA params instead
[    0.000000] OF: reserved mem: node linux,cma compatible matching fail
[    0.000000] OF: reserved mem: 0x0000000000000000..0x000000000007ffff (512 KiB) nomap non-reusable atf@0
[    0.000000] OF: reserved mem: 0x000000003fd16820..0x000000003fd16864 (0 KiB) nomap non-reusable nvram@0
[    0.000000] NUMA: Faking a node at [mem 0x0000000000000000-0x00000003ffffffff]
[    0.000000] Faking node 0 at [mem 0x0000000000000000-0x000000007fffffff] (2048MB)
[    0.000000] Faking node 1 at [mem 0x0000000080000000-0x00000000ffffffff] (2048MB)
[    0.000000] Faking node 2 at [mem 0x0000000100000000-0x000000017fffffff] (2048MB)
[    0.000000] Faking node 3 at [mem 0x0000000180000000-0x00000001ffffffff] (2048MB)
[    0.000000] Faking node 4 at [mem 0x0000000200000000-0x000000027fffffff] (2048MB)
[    0.000000] Faking node 5 at [mem 0x0000000280000000-0x00000002ffffffff] (2048MB)
[    0.000000] Faking node 6 at [mem 0x0000000300000000-0x000000037fffffff] (2048MB)
[    0.000000] Faking node 7 at [mem 0x0000000380000000-0x00000003ffffffff] (2048MB)
[    0.000000] NUMA: Initialized distance table, cnt=8
[    0.000000] NODE_DATA(0) allocated [mem 0x7fffd200-0x7fffffff]
[    0.000000] NODE_DATA(1) allocated [mem 0xffffd200-0xffffffff]
[    0.000000] NODE_DATA(2) allocated [mem 0x17fffd200-0x17fffffff]
[    0.000000] NODE_DATA(3) allocated [mem 0x1ffffd200-0x1ffffffff]
[    0.000000] NODE_DATA(4) allocated [mem 0x27fffd200-0x27fffffff]
[    0.000000] NODE_DATA(5) allocated [mem 0x2ffffd200-0x2ffffffff]
[    0.000000] NODE_DATA(6) allocated [mem 0x37fffd200-0x37fffffff]
[    0.000000] NODE_DATA(7) allocated [mem 0x3ff799200-0x3ff79bfff]
[    0.000000] Zone ranges:
[    0.000000]   DMA      [mem 0x0000000000000000-0x00000000ffffffff]
[    0.000000]   DMA32    empty
[    0.000000]   Normal   [mem 0x0000000100000000-0x00000003ffffffff]
[    0.000000] Movable zone start for each node
[    0.000000] Early memory node ranges
[    0.000000]   node   0: [mem 0x0000000000000000-0x000000000007ffff]
[    0.000000]   node   0: [mem 0x0000000000080000-0x000000003f7fffff]
[    0.000000]   node   0: [mem 0x0000000040000000-0x000000007fffffff]
[    0.000000]   node   1: [mem 0x0000000080000000-0x00000000ffffffff]
[    0.000000]   node   2: [mem 0x0000000100000000-0x000000017fffffff]
[    0.000000]   node   3: [mem 0x0000000180000000-0x00000001ffffffff]
[    0.000000]   node   4: [mem 0x0000000200000000-0x000000027fffffff]
[    0.000000]   node   5: [mem 0x0000000280000000-0x00000002ffffffff]
[    0.000000]   node   6: [mem 0x0000000300000000-0x000000037fffffff]
[    0.000000]   node   7: [mem 0x0000000380000000-0x00000003ffffffff]
[    0.000000] Initmem setup node 0 [mem 0x0000000000000000-0x000000007fffffff]
[    0.000000] Initmem setup node 1 [mem 0x0000000080000000-0x00000000ffffffff]
[    0.000000] Initmem setup node 2 [mem 0x0000000100000000-0x000000017fffffff]
[    0.000000] Initmem setup node 3 [mem 0x0000000180000000-0x00000001ffffffff]
[    0.000000] Initmem setup node 4 [mem 0x0000000200000000-0x000000027fffffff]
[    0.000000] Initmem setup node 5 [mem 0x0000000280000000-0x00000002ffffffff]
[    0.000000] Initmem setup node 6 [mem 0x0000000300000000-0x000000037fffffff]
[    0.000000] Initmem setup node 7 [mem 0x0000000380000000-0x00000003ffffffff]
[    0.000000] On node 0, zone DMA: 512 pages in unavailable ranges
[    0.000000] cma: Reserved 256 MiB at 0x0000000010000000 on node -1
[    0.000000] psci: probing for conduit method from DT.
[    0.000000] psci: PSCIv1.1 detected in firmware.
[    0.000000] psci: Using standard PSCI v0.2 function IDs
[    0.000000] psci: MIGRATE_INFO_TYPE not supported.
[    0.000000] psci: SMC Calling Convention v1.2
[    0.000000] percpu: Embedded 15 pages/cpu s193304 r8192 d44264 u245760
[    0.000000] pcpu-alloc: s193304 r8192 d44264 u245760 alloc=15*16384
[    0.000000] pcpu-alloc: [0] 0 [0] 1 [0] 2 [0] 3 
[    0.000000] Detected PIPT I-cache on CPU0
[    0.000000] CPU features: detected: Virtualization Host Extensions
[    0.000000] CPU features: detected: Spectre-v4
[    0.000000] CPU features: detected: Spectre-BHB
[    0.000000] CPU features: kernel page table isolation forced ON by KASLR
[    0.000000] CPU features: detected: Kernel page table isolation (KPTI)
[    0.000000] CPU features: detected: SSBS not fully self-synchronizing
[    0.000000] alternatives: applying boot alternatives
[    0.000000] Kernel command line: reboot=w coherent_pool=1M 8250.nr_uarts=1 pci=pcie_bus_safe cgroup_disable=memory numa_policy=interleave  numa=fake=8 system_heap.max_order=0 smsc95xx.macaddr=m.m.m.m vc_mem.mem_base=0x3fc00000 vc_mem.mem_size=0x40000000  dwc_otg.lpm_enable=0 console=tty root=/dev/mapper/Pi5_16-root rootfstype=ext4 rootwait cma=256M@256M net.ifnames=0 usb-storage.quirks=0bda:9210:u nvme.core.default._ps_max_latencyus=0 pcie_aspm=off pcie_port_pm=off
[    0.000000] cgroup: Disabling memory control group subsystem
[    0.000000] mempolicy: NUMA default policy overridden to 'interleave:0-7'
[    0.000000] PCIe ASPM is disabled
[    0.000000] Fallback order for Node 0: 0 1 2 3 4 5 6 7 
[    0.000000] Fallback order for Node 1: 1 2 3 4 5 6 7 0 
[    0.000000] Fallback order for Node 2: 2 3 4 5 6 7 0 1 
[    0.000000] Fallback order for Node 3: 3 4 5 6 7 0 1 2 
[    0.000000] Fallback order for Node 4: 4 5 6 7 0 1 2 3 
[    0.000000] Fallback order for Node 5: 5 6 7 0 1 2 3 4 
[    0.000000] Fallback order for Node 6: 6 7 0 1 2 3 4 5 
[    0.000000] Fallback order for Node 7: 7 0 1 2 3 4 5 6 
[    0.000000] Built 8 zonelists, mobility grouping on.  Total pages: 1048064
[    0.000000] Policy zone: Normal
[    0.000000] mem auto-init: stack:all(zero), heap alloc:off, heap free:off
[    0.000000] software IO TLB: area num 4.
[    0.000000] software IO TLB: mapped [mem 0x00000000fbffc000-0x00000000ffffc000] (64MB)
[    0.000000] SLUB: HWalign=64, Order=0-3, MinObjects=0, CPUs=4, Nodes=8
[    0.000000] ftrace: allocating 45451 entries in 45 pages
[    0.000000] ftrace: allocated 45 pages with 4 groups
[    0.000000] rcu: Preemptible hierarchical RCU implementation.
[    0.000000] rcu: 	RCU event tracing is enabled.
[    0.000000] 	Trampoline variant of Tasks RCU enabled.
[    0.000000] 	Rude variant of Tasks RCU enabled.
[    0.000000] 	Tracing variant of Tasks RCU enabled.
[    0.000000] rcu: RCU calculated value of scheduler-enlistment delay is 25 jiffies.
[    0.000000] RCU Tasks: Setting shift to 2 and lim to 1 rcu_task_cb_adjust=1 rcu_task_cpu_ids=4.
[    0.000000] RCU Tasks Rude: Setting shift to 2 and lim to 1 rcu_task_cb_adjust=1 rcu_task_cpu_ids=4.
[    0.000000] RCU Tasks Trace: Setting shift to 2 and lim to 1 rcu_task_cb_adjust=1 rcu_task_cpu_ids=4.
[    0.000000] NR_IRQS: 64, nr_irqs: 64, preallocated irqs: 0
[    0.000000] Root IRQ handler: gic_handle_irq
[    0.000000] GIC: Using split EOI/Deactivate mode
[    0.000000] rcu: srcu_init: Setting srcu_struct sizes based on contention.
[    0.000000] arch_timer: cp15 timer(s) running at 54.00MHz (phys).
[    0.000000] clocksource: arch_sys_counter: mask: 0xffffffffffffff max_cycles: 0xc743ce346, max_idle_ns: 440795203123 ns
[    0.000000] sched_clock: 56 bits at 54MHz, resolution 18ns, wraps every 4398046511102ns
[    0.000089] Console: colour dummy device 80x25
[    0.000093] printk: legacy console [tty0] enabled
[    0.000300] Calibrating delay loop (skipped), value calculated using timer frequency.. 108.00 BogoMIPS (lpj=216000)
[    0.000306] pid_max: default: 32768 minimum: 301
[    0.000399] LSM: initializing lsm=capability
[    0.003292] Dentry cache hash table entries: 2097152 (order: 10, 16777216 bytes, vmalloc)
[    0.004746] Inode-cache hash table entries: 1048576 (order: 9, 8388608 bytes, vmalloc)
[    0.004816] Mount-cache hash table entries: 32768 (order: 4, 262144 bytes, vmalloc)
[    0.004859] Mountpoint-cache hash table entries: 32768 (order: 4, 262144 bytes, vmalloc)
[    0.016016] rcu: Hierarchical SRCU implementation.
[    0.016027] rcu: 	Max phase no-delay instances is 1000.
[    0.016067] Timer migration: 1 hierarchy levels; 8 children per group; 0 crossnode level
[    0.016388] EFI services will not be available.
[    0.020026] smp: Bringing up secondary CPUs ...
[    0.028147] Detected PIPT I-cache on CPU1
[    0.028183] CPU1: Booted secondary processor 0x0000000100 [0x414fd0b1]
[    0.028377] Detected PIPT I-cache on CPU2
[    0.028406] CPU2: Booted secondary processor 0x0000000200 [0x414fd0b1]
[    0.032131] Detected PIPT I-cache on CPU3
[    0.032150] CPU3: Booted secondary processor 0x0000000300 [0x414fd0b1]
[    0.032182] smp: Brought up 8 nodes, 4 CPUs
[    0.032200] SMP: Total of 4 processors activated.
[    0.032203] CPU: All CPU(s) started at EL2
[    0.032206] CPU features: detected: 32-bit EL0 Support
[    0.032209] CPU features: detected: Data cache clean to the PoU not required for I/D coherence
[    0.032213] CPU features: detected: Common not Private translations
[    0.032215] CPU features: detected: CRC32 instructions
[    0.032219] CPU features: detected: RCpc load-acquire (LDAPR)
[    0.032222] CPU features: detected: LSE atomic instructions
[    0.032224] CPU features: detected: Privileged Access Never
[    0.032227] CPU features: detected: RAS Extension Support
[    0.032230] CPU features: detected: Speculative Store Bypassing Safe (SSBS)
[    0.032256] alternatives: applying system-wide alternatives
[    0.033696] CPU features: detected: Hardware dirty bit management on CPU0-3
[    0.033858] Memory: 16278288K/16769024K available (14272K kernel code, 2246K rwdata, 4800K rodata, 5376K init, 555K bss, 179424K reserved, 262144K cma-reserved)
[    0.034059] devtmpfs: initialized
[    0.035911] Enabled cp15_barrier support
[    0.035918] Enabled setend support
[    0.035958] clocksource: jiffies: mask: 0xffffffff max_cycles: 0xffffffff, max_idle_ns: 7645041785100000 ns
[    0.035965] futex hash table entries: 1024 (order: 2, 65536 bytes, vmalloc)
[    0.036411] 2G module region forced by RANDOMIZE_MODULE_REGION_FULL
[    0.036421] 0 pages in range for non-PLT usage
[    0.036423] 129348 pages in range for PLT usage
[    0.036569] pinctrl core: initialized pinctrl subsystem
[    0.036712] DMI not present or invalid.
[    0.039912] NET: Registered PF_NETLINK/PF_ROUTE protocol family
[    0.040271] DMA: preallocated 1024 KiB GFP_KERNEL pool for atomic allocations
[    0.040301] DMA: preallocated 1024 KiB GFP_KERNEL|GFP_DMA pool for atomic allocations
[    0.040331] DMA: preallocated 1024 KiB GFP_KERNEL|GFP_DMA32 pool for atomic allocations
[    0.040347] audit: initializing netlink subsys (disabled)
[    0.040391] audit: type=2000 audit(0.040:1): state=initialized audit_enabled=0 res=1
[    0.040513] thermal_sys: Registered thermal governor 'step_wise'
[    0.040522] cpuidle: using governor menu
[    0.040585] hw-breakpoint: found 6 breakpoint and 4 watchpoint registers.
[    0.040607] ASID allocator initialised with 32768 entries
[    0.040812] Serial: AMBA PL011 UART driver
[    0.041562] /soc@107c000000/interrupt-controller@7fff9000: Fixed dependency cycle(s) with /soc@107c000000/interrupt-controller@7fff9000
[    0.041721] bcm2835-mbox 107c013880.mailbox: mailbox enabled
[    0.041843] 107d001000.serial: ttyAMA10 at MMIO 0x107d001000 (irq = 16, base_baud = 0) is a PL011 rev3
[    0.048045] raspberrypi-firmware soc@107c000000:firmware: Attached to firmware from 2025-05-08T14:13:17, variant start_cd
[    0.052046] raspberrypi-firmware soc@107c000000:firmware: Firmware hash is 6947117700000000000000000000000000000000
[    0.060681] bcm2835-dma 1000010000.dma: DMA legacy API manager, dmachans=0x1
[    0.060937] iommu: Default domain type: Translated
[    0.060941] iommu: DMA domain TLB invalidation policy: strict mode
[    0.061230] SCSI subsystem initialized
[    0.061260] usbcore: registered new interface driver usbfs
[    0.061267] usbcore: registered new interface driver hub
[    0.061274] usbcore: registered new device driver usb
[    0.061342] pps_core: LinuxPPS API ver. 1 registered
[    0.061345] pps_core: Software ver. 5.3.6 - Copyright 2005-2007 Rodolfo Giometti <giometti@linux.it>
[    0.061350] PTP clock support registered
[    0.061593] vgaarb: loaded
[    0.061691] clocksource: Switched to clocksource arch_sys_counter
[    0.061824] VFS: Disk quotas dquot_6.6.0
[    0.061833] VFS: Dquot-cache hash table entries: 2048 (order 0, 16384 bytes)
[    0.065217] NET: Registered PF_INET protocol family
[    0.065568] IP idents hash table entries: 262144 (order: 7, 2097152 bytes, vmalloc)
[    0.068714] tcp_listen_portaddr_hash hash table entries: 8192 (order: 3, 131072 bytes, vmalloc)
[    0.068767] Table-perturb hash table entries: 65536 (order: 4, 262144 bytes, vmalloc)
[    0.068777] TCP established hash table entries: 131072 (order: 6, 1048576 bytes, vmalloc)
[    0.069119] TCP bind hash table entries: 65536 (order: 7, 2097152 bytes, vmalloc)
[    0.069802] TCP: Hash tables configured (established 131072 bind 65536)
[    0.069951] MPTCP token hash table entries: 16384 (order: 4, 393216 bytes, vmalloc)
[    0.070009] UDP hash table entries: 8192 (order: 4, 262144 bytes, vmalloc)
[    0.070135] UDP-Lite hash table entries: 8192 (order: 4, 262144 bytes, vmalloc)
[    0.070293] NET: Registered PF_UNIX/PF_LOCAL protocol family
[    0.070430] RPC: Registered named UNIX socket transport module.
[    0.070434] RPC: Registered udp transport module.
[    0.070436] RPC: Registered tcp transport module.
[    0.070438] RPC: Registered tcp-with-tls transport module.
[    0.070441] RPC: Registered tcp NFSv4.1 backchannel transport module.
[    0.070446] PCI: CLS 0 bytes, default 64
[    0.071509] kvm [1]: nv: 554 coarse grained trap handlers
[    0.071595] kvm [1]: IPA Size Limit: 40 bits
[    0.071605] kvm [1]: GICV region size/alignment is unsafe, using trapping (reduced performance)
[    0.071628] kvm [1]: vgic interrupt IRQ9
[    0.071643] kvm [1]: VHE mode initialized successfully
[    0.074568] Trying to unpack rootfs image as initramfs...
[    0.082083] Freeing initrd memory: 9680K
[    0.234574] Initialise system trusted keyrings
[    0.234879] workingset: timestamp_bits=42 max_order=20 bucket_order=0
[    0.235228] NFS: Registering the id_resolver key type
[    0.235239] Key type id_resolver registered
[    0.235242] Key type id_legacy registered
[    0.235253] nfs4filelayout_init: NFSv4 File Layout Driver Registering...
[    0.235259] nfs4flexfilelayout_init: NFSv4 Flexfile Layout Driver Registering...
[    0.235430] Key type asymmetric registered
[    0.235436] Asymmetric key parser 'x509' registered
[    0.235456] Block layer SCSI generic (bsg) driver version 0.4 loaded (major 247)
[    0.235497] io scheduler mq-deadline registered
[    0.235501] io scheduler kyber registered
[    0.235516] io scheduler bfq registered
[    0.235852] irq_brcmstb_l2: registered L2 intc (/soc@107c000000/interrupt-controller@7d510600, parent irq: 27)
[    0.235889] irq_brcmstb_l2: registered L2 intc (/soc@107c000000/interrupt-controller@7c502000, parent irq: 28)
[    0.235918] irq_brcmstb_l2: registered L2 intc (/soc@107c000000/intc@7d508380, parent irq: 29)
[    0.235950] irq_brcmstb_l2: registered L2 intc (/soc@107c000000/intc@7d508400, parent irq: 30)
[    0.235979] irq_brcmstb_l2: registered L2 intc (/soc@107c000000/intc@7d503000, parent irq: 31)
[    0.236957] ledtrig-cpu: registered to indicate activity on CPUs
[    0.237180] simple-framebuffer 3f800000.framebuffer: framebuffer at 0x3f800000, 0x3f4800 bytes
[    0.237185] simple-framebuffer 3f800000.framebuffer: format=r5g6b5, mode=1920x1080x16, linelength=3840
[    0.238248] Console: switching to colour frame buffer device 240x67
[    0.239208] simple-framebuffer 3f800000.framebuffer: fb0: simplefb registered!
[    0.268564] Serial: 8250/16550 driver, 1 ports, IRQ sharing enabled
[    0.268843] 107d50c000.serial: ttyS0 at MMIO 0x107d50c000 (irq = 33, base_baud = 6000000) is a Broadcom BCM7271 UART
[    0.268892] serial serial0: tty port ttyS0 registered
[    0.269093] iproc-rng200 107d208000.rng: hwrng registered
[    0.269129] vc-mem: phys_addr:0x00000000 mem_base=0x3fc00000 mem_size:0x40000000(1024 MiB)
[    0.269312] bcm2712-iommu-cache 1000005b00.iommuc: bcm2712_iommu_cache_probe
[    0.270620] brd: module loaded
[    0.271469] loop: module loaded
[    0.271578] bcm2835-power bcm2835-power: Broadcom BCM2835 power domains driver
[    0.271680] Loading iSCSI transport class v2.0-870.
[    0.272357] usbcore: registered new device driver r8152-cfgselector
[    0.272370] usbcore: registered new interface driver r8152
[    0.272383] usbcore: registered new interface driver lan78xx
[    0.272393] usbcore: registered new interface driver smsc95xx
[    0.272440] dwc_otg: version 3.00a 10-AUG-2012 (platform bus)
[    0.272461] dwc_otg: FIQ enabled
[    0.272462] dwc_otg: NAK holdoff enabled
[    0.272463] dwc_otg: FIQ split-transaction FSM enabled
[    0.272465] Module dwc_common_port init
[    0.272562] usbcore: registered new interface driver uas
[    0.272574] usbcore: registered new interface driver usb-storage
[    0.272624] mousedev: PS/2 mouse device common for all mice
[    0.280107] rpi-rtc soc@107c000000:rpi_rtc: registered as rtc0
[    0.281490] rpi-rtc soc@107c000000:rpi_rtc: setting system clock to 2025-05-14T18:14:35 UTC (1747246475)
[    0.281784] bcm2835-wdt bcm2835-wdt: Poweroff handler already present!
[    0.281794] bcm2835-wdt bcm2835-wdt: Broadcom BCM2835 watchdog timer
[    0.281860] device-mapper: ioctl: 4.48.0-ioctl (2023-03-01) initialised: dm-devel@lists.linux.dev
[    0.283898] sdhci: Secure Digital Host Controller Interface driver
[    0.283907] sdhci: Copyright(c) Pierre Ossman
[    0.283938] sdhci-pltfm: SDHCI platform and OF driver helper
[    0.284003] SMCCC: SOC_ID: ARCH_SOC_ID not implemented, skipping ....
[    0.284017] hid: raw HID events driver (C) Jiri Kosina
[    0.284036] usbcore: registered new interface driver usbhid
[    0.284042] usbhid: USB HID core driver
[    0.284308] hw perfevents: enabled with armv8_cortex_a76 PMU driver, 7 (0,8000003f) counters available
[    0.284515] NET: Registered PF_PACKET protocol family
[    0.284539] Key type dns_resolver registered
[    0.288013] registered taskstats version 1
[    0.288080] Loading compiled-in X.509 certificates
[    0.289531] Demotion targets for Node 0: null
[    0.289913] Demotion targets for Node 1: null
[    0.290267] Demotion targets for Node 2: null
[    0.290615] Demotion targets for Node 3: null
[    0.290961] Demotion targets for Node 4: null
[    0.291303] Demotion targets for Node 5: null
[    0.291633] Demotion targets for Node 6: null
[    0.291959] Demotion targets for Node 7: null
[    0.292434] Key type .fscrypt registered
[    0.292768] Key type fscrypt-provisioning registered
[    0.293871] brcm-pcie 1000110000.pcie: host bridge /axi/pcie@1000110000 ranges:
[    0.294214] brcm-pcie 1000110000.pcie:   No bus range found for /axi/pcie@1000110000, using [bus 00-ff]
[    0.294552] brcm-pcie 1000110000.pcie:      MEM 0x1b00000000..0x1bfffffffb -> 0x0000000000
[    0.294887] brcm-pcie 1000110000.pcie:      MEM 0x1800000000..0x1affffffff -> 0x0400000000
[    0.295220] brcm-pcie 1000110000.pcie:   IB MEM 0x0000000000..0x0fffffffff -> 0x1000000000
[    0.295548] brcm-pcie 1000110000.pcie:   IB MEM 0x1000131000..0x1000131fff -> 0xfffffff000
[    0.297183] brcm-pcie 1000110000.pcie: PCI host bridge to bus 0001:00
[    0.297514] pci_bus 0001:00: root bus resource [bus 00-ff]
[    0.297842] pci_bus 0001:00: root bus resource [mem 0x1b00000000-0x1bfffffffb] (bus address [0x00000000-0xfffffffb])
[    0.298170] pci_bus 0001:00: root bus resource [mem 0x1800000000-0x1affffffff pref] (bus address [0x400000000-0x6ffffffff])
[    0.298502] pci 0001:00:00.0: [14e4:2712] type 01 class 0x060400 PCIe Root Port
[    0.298835] pci 0001:00:00.0: PCI bridge to [bus 00]
[    0.299163] pci 0001:00:00.0:   bridge window [mem 0x1b00000000-0x1b000fffff]
[    0.299493] pci 0001:00:00.0:   bridge window [mem 0x1b00000000-0x1b000fffff 64bit pref]
[    0.299831] pci 0001:00:00.0: PME# supported from D0 D3hot
[    0.300700] pci 0001:00:00.0: bridge configuration invalid ([bus 00-00]), reconfiguring
[    0.401698] brcm-pcie 1000110000.pcie: clkreq-mode set to default
[    0.402029] brcm-pcie 1000110000.pcie: link up, 5.0 GT/s PCIe x1 (!SSC)
[    0.402367] pci 0001:01:00.0: [15b7:5030] type 00 class 0x010802 PCIe Endpoint
[    0.402693] pci 0001:01:00.0: BAR 0 [mem 0x1b00000000-0x1b00003fff 64bit]
[    0.403143] pci 0001:01:00.0: 4.000 Gb/s available PCIe bandwidth, limited by 5.0 GT/s PCIe x1 link at 0001:00:00.0 (capable of 63.012 Gb/s with 16.0 GT/s PCIe x4 link)
[    0.403559] pci_bus 0001:01: busn_res: [bus 01-ff] end is updated to 01
[    0.403907] pci 0001:00:00.0: bridge window [mem 0x1b00000000-0x1b000fffff]: assigned
[    0.404254] pci 0001:01:00.0: BAR 0 [mem 0x1b00000000-0x1b00003fff 64bit]: assigned
[    0.404607] pci 0001:00:00.0: PCI bridge to [bus 01]
[    0.404952] pci 0001:00:00.0:   bridge window [mem 0x1b00000000-0x1b000fffff]
[    0.405296] pci_bus 0001:00: resource 4 [mem 0x1b00000000-0x1bfffffffb]
[    0.405639] pci_bus 0001:00: resource 5 [mem 0x1800000000-0x1affffffff pref]
[    0.405990] pci_bus 0001:01: resource 1 [mem 0x1b00000000-0x1b000fffff]
[    0.406339] pci 0001:00:00.0: Max Payload Size set to  512/ 512 (was  128), Max Read Rq  512
[    0.406701] pci 0001:01:00.0: Max Payload Size set to  512/ 512 (was  128), Max Read Rq  512
[    0.407104] pcieport 0001:00:00.0: enabling device (0000 -> 0002)
[    0.407490] pcieport 0001:00:00.0: PME: Signaling with IRQ 38
[    0.407891] pcieport 0001:00:00.0: AER: enabled with IRQ 38
[    0.408358] nvme nvme0: pci function 0001:01:00.0
[    0.408718] nvme 0001:01:00.0: enabling device (0000 -> 0002)
[    0.525991] hwmon hwmon1: temp1_input not attached to any thermal zone
[    0.526872] nvme nvme0: 4/0/0 default/read/poll queues
[    0.534491]  nvme0n1: p1 p2
[    0.534995] brcm-pcie 1000120000.pcie: host bridge /axi/pcie@1000120000 ranges:
[    0.535355] brcm-pcie 1000120000.pcie:   No bus range found for /axi/pcie@1000120000, using [bus 00-ff]
[    0.535715] brcm-pcie 1000120000.pcie:      MEM 0x1f00000000..0x1ffffffffb -> 0x0000000000
[    0.536072] brcm-pcie 1000120000.pcie:      MEM 0x1c00000000..0x1effffffff -> 0x0400000000
[    0.536432] brcm-pcie 1000120000.pcie:   IB MEM 0x1f00000000..0x1f003fffff -> 0x0000000000
[    0.536787] brcm-pcie 1000120000.pcie:   IB MEM 0x0000000000..0x0fffffffff -> 0x1000000000
[    0.537139] brcm-pcie 1000120000.pcie:   IB MEM 0x1000130000..0x1000130fff -> 0xfffffff000
[    0.538616] brcm-pcie 1000120000.pcie: PCI host bridge to bus 0002:00
[    0.538964] pci_bus 0002:00: root bus resource [bus 00-ff]
[    0.539306] pci_bus 0002:00: root bus resource [mem 0x1f00000000-0x1ffffffffb] (bus address [0x00000000-0xfffffffb])
[    0.539657] pci_bus 0002:00: root bus resource [mem 0x1c00000000-0x1effffffff pref] (bus address [0x400000000-0x6ffffffff])
[    0.540013] pci 0002:00:00.0: [14e4:2712] type 01 class 0x060400 PCIe Root Port
[    0.540376] pci 0002:00:00.0: PCI bridge to [bus 00]
[    0.540735] pci 0002:00:00.0:   bridge window [mem 0x1f80000000-0x1fbfffffff]
[    0.541108] pci 0002:00:00.0: PME# supported from D0 D3hot
[    0.542026] pci 0002:00:00.0: bridge configuration invalid ([bus 00-00]), reconfiguring
[    0.645691] brcm-pcie 1000120000.pcie: clkreq-mode set to default
[    0.646065] brcm-pcie 1000120000.pcie: link up, 5.0 GT/s PCIe x4 (!SSC)
[    0.646448] pci 0002:01:00.0: [1de4:0001] type 00 class 0x020000 PCIe Endpoint
[    0.646836] pci 0002:01:00.0: BAR 0 [mem 0xffffc000-0xffffffff]
[    0.647224] pci 0002:01:00.0: BAR 1 [mem 0xffc00000-0xffffffff]
[    0.647607] pci 0002:01:00.0: BAR 2 [mem 0xffff0000-0xffffffff]
[    0.648048] pci 0002:01:00.0: supports D1
[    0.648420] pci 0002:01:00.0: PME# supported from D0 D1 D3hot D3cold
[    0.648859] pci_bus 0002:01: busn_res: [bus 01-ff] end is updated to 01
[    0.649238] pci 0002:00:00.0: bridge window [mem 0x1f00000000-0x1f005fffff]: assigned
[    0.649619] pci 0002:01:00.0: BAR 1 [mem 0x1f00000000-0x1f003fffff]: assigned
[    0.650004] pci 0002:01:00.0: BAR 2 [mem 0x1f00400000-0x1f0040ffff]: assigned
[    0.650384] pci 0002:01:00.0: BAR 0 [mem 0x1f00410000-0x1f00413fff]: assigned
[    0.650759] pci 0002:00:00.0: PCI bridge to [bus 01]
[    0.651132] pci 0002:00:00.0:   bridge window [mem 0x1f00000000-0x1f005fffff]
[    0.651502] pci_bus 0002:00: resource 4 [mem 0x1f00000000-0x1ffffffffb]
[    0.651875] pci_bus 0002:00: resource 5 [mem 0x1c00000000-0x1effffffff pref]
[    0.652241] pci_bus 0002:01: resource 1 [mem 0x1f00000000-0x1f005fffff]
[    0.652606] pci 0002:00:00.0: Max Payload Size set to  256/ 512 (was  128), Max Read Rq  512
[    0.652980] pci 0002:01:00.0: Max Payload Size set to  256/ 256 (was  128), Max Read Rq  512
[    0.653394] pcieport 0002:00:00.0: enabling device (0000 -> 0002)
[    0.653791] pcieport 0002:00:00.0: PME: Signaling with IRQ 44
[    0.654202] pcieport 0002:00:00.0: AER: enabled with IRQ 44
[    0.654625] rp1 0002:01:00.0: bar0 len 0x4000, start 0x1f00410000, end 0x1f00413fff, flags, 0x40200
[    0.655003] rp1 0002:01:00.0: bar1 len 0x400000, start 0x1f00000000, end 0x1f003fffff, flags, 0x40200
[    0.655381] rp1 0002:01:00.0: enabling device (0000 -> 0002)
[    0.656350] rp1 0002:01:00.0: chip_id 0x20001927
[    0.660728] genirq: irq_chip rp1_irq_chip did not update eff. affinity mask of irq 106
[    0.675514] macb 1f00100000.ethernet eth0: Cadence GEM rev 0x00070109 at 0x1f00100000 irq 112 (m.m.m.m)
[    0.676614] dw_axi_dmac_platform 1f00188000.dma: DesignWare AXI DMA Controller, 8 channels
[    0.677171] xhci-hcd xhci-hcd.0: xHCI Host Controller
[    0.677525] xhci-hcd xhci-hcd.0: new USB bus registered, assigned bus number 1
[    0.678310] xhci-hcd xhci-hcd.0: hcc params 0x0240fe6d hci version 0x110 quirks 0x0000808000000810
[    0.678673] xhci-hcd xhci-hcd.0: irq 137, io mem 0x1f00200000
[    0.679078] xhci-hcd xhci-hcd.0: xHCI Host Controller
[    0.679428] xhci-hcd xhci-hcd.0: new USB bus registered, assigned bus number 2
[    0.679771] xhci-hcd xhci-hcd.0: Host supports USB 3.0 SuperSpeed
[    0.680153] usb usb1: New USB device found, idVendor=1d6b, idProduct=0002, bcdDevice= 6.12
[    0.680504] usb usb1: New USB device strings: Mfr=3, Product=2, SerialNumber=1
[    0.680856] usb usb1: Product: xHCI Host Controller
[    0.681204] usb usb1: Manufacturer: Linux 6.12.19-v8-16k+ xhci-hcd
[    0.681552] usb usb1: SerialNumber: xhci-hcd.0
[    0.682006] hub 1-0:1.0: USB hub found
[    0.682360] hub 1-0:1.0: 2 ports detected
[    0.682791] usb usb2: New USB device found, idVendor=1d6b, idProduct=0003, bcdDevice= 6.12
[    0.683142] usb usb2: New USB device strings: Mfr=3, Product=2, SerialNumber=1
[    0.683485] usb usb2: Product: xHCI Host Controller
[    0.683824] usb usb2: Manufacturer: Linux 6.12.19-v8-16k+ xhci-hcd
[    0.684163] usb usb2: SerialNumber: xhci-hcd.0
[    0.684560] hub 2-0:1.0: USB hub found
[    0.684904] hub 2-0:1.0: 1 port detected
[    0.685471] xhci-hcd xhci-hcd.1: xHCI Host Controller
[    0.685817] xhci-hcd xhci-hcd.1: new USB bus registered, assigned bus number 3
[    0.686584] xhci-hcd xhci-hcd.1: hcc params 0x0240fe6d hci version 0x110 quirks 0x0000808000000810
[    0.686930] xhci-hcd xhci-hcd.1: irq 142, io mem 0x1f00300000
[    0.687320] xhci-hcd xhci-hcd.1: xHCI Host Controller
[    0.687652] xhci-hcd xhci-hcd.1: new USB bus registered, assigned bus number 4
[    0.687984] xhci-hcd xhci-hcd.1: Host supports USB 3.0 SuperSpeed
[    0.688334] usb usb3: New USB device found, idVendor=1d6b, idProduct=0002, bcdDevice= 6.12
[    0.688667] usb usb3: New USB device strings: Mfr=3, Product=2, SerialNumber=1
[    0.688996] usb usb3: Product: xHCI Host Controller
[    0.689322] usb usb3: Manufacturer: Linux 6.12.19-v8-16k+ xhci-hcd
[    0.689646] usb usb3: SerialNumber: xhci-hcd.1
[    0.690047] hub 3-0:1.0: USB hub found
[    0.690378] hub 3-0:1.0: 2 ports detected
[    0.690780] usb usb4: New USB device found, idVendor=1d6b, idProduct=0003, bcdDevice= 6.12
[    0.691113] usb usb4: New USB device strings: Mfr=3, Product=2, SerialNumber=1
[    0.691443] usb usb4: Product: xHCI Host Controller
[    0.691773] usb usb4: Manufacturer: Linux 6.12.19-v8-16k+ xhci-hcd
[    0.692101] usb usb4: SerialNumber: xhci-hcd.1
[    0.692491] hub 4-0:1.0: USB hub found
[    0.692822] hub 4-0:1.0: 1 port detected
[    0.693846] bcm2712-iommu 1000005100.iommu: bcm2712_iommu_init: DEBUG_INFO = 0x20804774
[    0.694548] bcm2712-iommu 1000005100.iommu: bcm2712_iommu_probe: Success
[    0.695268] bcm2712-iommu 1000005200.iommu: bcm2712_iommu_init: DEBUG_INFO = 0x20804774
[    0.695947] bcm2712-iommu 1000005200.iommu: bcm2712_iommu_probe: Success
[    0.696704] bcm2712-iommu 1000005280.iommu: bcm2712_iommu_init: DEBUG_INFO = 0x20804774
[    0.697390] bcm2712-iommu 1000005280.iommu: bcm2712_iommu_probe: Success
[    0.698002] mmc0: CQHCI version 5.10
[    0.698534] mmc1: CQHCI version 5.10
[    0.699128] of_cfs_init
[    0.699480] of_cfs_init: OK
[    0.699852] clk: Disabling unused clocks
[    0.708767] PM: genpd: Disabling unused power domains
[    0.725260] mmc0: SDHCI controller on 1000fff000.mmc [1000fff000.mmc] using ADMA 64-bit
[    0.769626] mmc0: new high speed SDHC card at address 8fe4
[    0.770091] mmcblk0: mmc0:8fe4 SU04G 3.69 GiB
[    0.884225] mmc1: SDHCI controller on 1001100000.mmc [1001100000.mmc] using ADMA 64-bit
[    0.887061] Freeing unused kernel memory: 5376K
[    0.887466] Run /init as init process
[    0.887768]   with arguments:
[    0.887769]     /init
[    0.887770]   with environment:
[    0.887771]     HOME=/
[    0.887772]     TERM=linux
[    0.916629] mmc1: new ultra high speed DDR50 SDIO card at address 0001
[    1.114173]  mmcblk0: p1
[    1.114564] mmcblk0: mmc0:8fe4 SU04G 3.69 GiB (quirks 0x00004000)
[    1.889839] EXT4-fs (dm-0): orphan cleanup on readonly fs
[    1.890534] EXT4-fs (dm-0): mounted filesystem da91a8c8-09a8-49dd-8c4c-dfb3cae53d92 ro with ordered data mode. Quota mode: none.
[   12.026101] EXT4-fs (dm-1): mounted filesystem 28978921-3426-47fe-8269-22738d4f983f r/w with ordered data mode. Quota mode: none.
[   14.795545] EXT4-fs (dm-2): mounted filesystem b155b2c7-4ef4-4d92-ba3c-f06ab66c1022 r/w with ordered data mode. Quota mode: none.
[   15.474178] input: pwr_button as /devices/platform/pwr_button/input/input0
[   15.483236] rpi-gpiomem 107d508500.gpiomem: window base 0x107d508500 size 0x00000040
[   15.483431] rpi-gpiomem 107d508500.gpiomem: initialised 1 regions as /dev/gpiomem1
[   15.483468] rpi-gpiomem 107d517c00.gpiomem: window base 0x107d517c00 size 0x00000040
[   15.483540] rpi-gpiomem 107d517c00.gpiomem: initialised 1 regions as /dev/gpiomem2
[   15.488307] rpi-gpiomem 107d504100.gpiomem: window base 0x107d504100 size 0x00000020
[   15.505803] rpi-gpiomem 107d504100.gpiomem: initialised 1 regions as /dev/gpiomem3
[   15.506293] rpi-gpiomem 107d510700.gpiomem: window base 0x107d510700 size 0x00000020
[   15.506528] rpi-gpiomem 107d510700.gpiomem: initialised 1 regions as /dev/gpiomem4
[   15.506989] rpi-gpiomem 1f000d0000.gpiomem: window base 0x1f000d0000 size 0x00030000
[   15.507170] rpi-gpiomem 1f000d0000.gpiomem: initialised 1 regions as /dev/gpiomem0
[   15.514302] rp1-firmware rp1_firmware: RP1 Firmware version eb39cfd516f8c90628aa9d91f52370aade5d0a55
[   15.523151] rp1-pio 1f00178000.pio: Created instance as pio0
[   15.560770] brcmstb-i2c 107d508200.i2c:  @97500hz registered in interrupt mode
[   15.561196] cfg80211: Loading compiled-in X.509 certificates for regulatory database
[   15.568917] Loaded X.509 cert 'benh@debian.org: 577e021cb980e0e820821ba7b54b4961b8b4fadf'
[   15.569122] Loaded X.509 cert 'romain.perier@gmail.com: 3abbc6ec146e09d1b6016ab9d6cf71dd233f0328'
[   15.569312] Loaded X.509 cert 'sforshee: 00b28ddf47aef9cea7'
[   15.569640] Loaded X.509 cert 'wens: 61c038651aabdcf94bd0ac7ff06c7248db18c600'
[   15.570245] brcmstb-i2c 107d508280.i2c:  @97500hz registered in interrupt mode
[   15.588794] v3d 1002000000.v3d: [drm] Transparent Hugepage support is recommended for optimal performance on this platform!
[   15.612675] [drm] Initialized v3d 1.0.0 for 1002000000.v3d on minor 0
[   15.628090] vc4_hvs 107c580000.hvs: bcm2712_iommu_of_xlate: MMU 1000005200.iommu
[   15.628098] vc4_hvs 107c580000.hvs: bcm2712_iommu_probe_device: MMU 1000005200.iommu
[   15.628104] vc4_hvs 107c580000.hvs: bcm2712_iommu_device_group: MMU 1000005200.iommu
[   15.628109] vc4_hvs 107c580000.hvs: Adding to iommu group 1
[   15.628113] vc4_hvs 107c580000.hvs: bcm2712_iommu_attach_dev: MMU 1000005200.iommu
[   15.631466] vc4-drm axi:gpu: bcm2712_iommu_of_xlate: MMU 1000005200.iommu
[   15.631475] vc4-drm axi:gpu: bcm2712_iommu_probe_device: MMU 1000005200.iommu
[   15.631481] vc4-drm axi:gpu: bcm2712_iommu_device_group: MMU 1000005200.iommu
[   15.631486] vc4-drm axi:gpu: Adding to iommu group 1
[   15.631490] vc4-drm axi:gpu: bcm2712_iommu_attach_dev: MMU 1000005200.iommu
[   15.634629] Console: switching to colour dummy device 80x25
[   15.635423] brcmfmac: brcmf_fw_alloc_request: using brcm/brcmfmac43455-sdio for chip BCM4345/6
[   15.635674] usbcore: registered new interface driver brcmfmac
[   15.636121] brcmfmac mmc1:0001:1: Direct firmware load for brcm/brcmfmac43455-sdio.raspberrypi,5-compute-module.bin failed with error -2
[   15.636990] vc4-drm axi:gpu: bound 107c580000.hvs (ops vc4_hvs_ops [vc4])
[   15.647912] Registered IR keymap rc-cec
[   15.647967] rc rc0: vc4-hdmi-0 as /devices/platform/soc@107c000000/107c701400.hdmi/rc/rc0
[   15.648008] input: vc4-hdmi-0 as /devices/platform/soc@107c000000/107c701400.hdmi/rc/rc0/input1
[   15.650161] input: vc4-hdmi-0 HDMI Jack as /devices/platform/soc@107c000000/107c701400.hdmi/sound/card0/input2
[   15.651243] vc4-drm axi:gpu: bound 107c701400.hdmi (ops vc4_hdmi_ops [vc4])
[   15.656639] Registered IR keymap rc-cec
[   15.656693] rc rc1: vc4-hdmi-1 as /devices/platform/soc@107c000000/107c706400.hdmi/rc/rc1
[   15.661235] input: vc4-hdmi-1 as /devices/platform/soc@107c000000/107c706400.hdmi/rc/rc1/input3
[   15.669520] Bluetooth: Core ver 2.22
[   15.669545] NET: Registered PF_BLUETOOTH protocol family
[   15.669548] Bluetooth: HCI device and connection manager initialized
[   15.669554] Bluetooth: HCI socket layer initialized
[   15.669557] Bluetooth: L2CAP socket layer initialized
[   15.669561] Bluetooth: SCO socket layer initialized
[   15.691312] Bluetooth: HCI UART driver ver 2.3
[   15.691319] Bluetooth: HCI UART protocol H4 registered
[   15.691341] Bluetooth: HCI UART protocol Three-wire (H5) registered
[   15.691469] hci_uart_bcm serial0-0: supply vbat not found, using dummy regulator
[   15.691882] hci_uart_bcm serial0-0: supply vddio not found, using dummy regulator
[   15.696346] Bluetooth: HCI UART protocol Broadcom registered
[   15.705002] input: vc4-hdmi-1 HDMI Jack as /devices/platform/soc@107c000000/107c706400.hdmi/sound/card1/input4
[   15.708533] vc4-drm axi:gpu: bound 107c706400.hdmi (ops vc4_hdmi_ops [vc4])
[   15.708693] vc4-drm axi:gpu: bound 107c500000.mop (ops vc4_txp_ops [vc4])
[   15.708778] vc4-drm axi:gpu: bound 107c501000.moplet (ops vc4_txp_ops [vc4])
[   15.708840] vc4-drm axi:gpu: bound 107c410000.pixelvalve (ops vc4_crtc_ops [vc4])
[   15.708893] vc4-drm axi:gpu: bound 107c411000.pixelvalve (ops vc4_crtc_ops [vc4])
[   15.771624] [drm] Initialized vc4 0.0.0 for axi:gpu on minor 1
[   15.877768] Console: switching to colour frame buffer device 480x135
[   15.915135] vc4-drm axi:gpu: [drm] fb0: vc4drmfb frame buffer device
[   15.937079] brcmfmac: brcmf_c_process_txcap_blob: no txcap_blob available (err=-2)
[   15.937311] brcmfmac: brcmf_c_preinit_dcmds: Firmware: BCM4345/6 wl0: Apr 15 2021 03:03:20 version 7.45.234 (4ca95bb CY) FWID 01-996384e2
[   16.050122] Bluetooth: hci0: BCM: chip id 107
[   16.050324] Bluetooth: hci0: BCM: features 0x2f
[   16.051542] Bluetooth: hci0: BCM4345C0
[   16.051544] Bluetooth: hci0: BCM4345C0 (003.001.025) build 0000
[   16.051597] Bluetooth: hci0: BCM: firmware Patch file not found, tried:
[   16.051598] Bluetooth: hci0: BCM: 'brcm/BCM4345C0.raspberrypi,5-compute-module.hcd'
[   16.051600] Bluetooth: hci0: BCM: 'brcm/BCM4345C0.hcd'
[   16.051601] Bluetooth: hci0: BCM: 'brcm/BCM.raspberrypi,5-compute-module.hcd'
[   16.051602] Bluetooth: hci0: BCM: 'brcm/BCM.hcd'
[   23.998112] EXT4-fs (dm-0): re-mounted da91a8c8-09a8-49dd-8c4c-dfb3cae53d92 r/w. Quota mode: none.
[   24.003634] EXT4-fs (dm-0): re-mounted da91a8c8-09a8-49dd-8c4c-dfb3cae53d92 r/w. Quota mode: none.
[   24.029742] EXT4-fs (dm-1): re-mounted 28978921-3426-47fe-8269-22738d4f983f r/w. Quota mode: none.
[   24.049725] EXT4-fs (dm-2): re-mounted b155b2c7-4ef4-4d92-ba3c-f06ab66c1022 r/w. Quota mode: none.
[   24.116269] Adding 16777200k swap on /dev/mapper/Pi5_16-swap.  Priority:-2 extents:1 across:16777200k SS
[   24.175698] EXT4-fs (dm-10): mounted filesystem 7fe3a3d3-2fd3-4002-9939-3264b976cd10 r/w with ordered data mode. Quota mode: none.
[   24.189052] EXT4-fs (dm-5): mounted filesystem 260dcd79-760c-483b-b0c1-bd63a7660977 r/w with ordered data mode. Quota mode: none.
[   24.197833] EXT4-fs (dm-8): mounted filesystem 979e0860-e86e-4ab1-9f3f-42096a37ee8d r/w without journal. Quota mode: none.
[   24.203364] EXT4-fs (dm-9): mounted filesystem 30c37ac3-0fca-45a2-88dd-3005ac045c11 r/w without journal. Quota mode: none.
[   24.208525] EXT4-fs (dm-6): mounted filesystem b7dd793d-9768-4b5b-847e-6c4b4145a242 r/w without journal. Quota mode: none.
[   24.213381] EXT4-fs (dm-4): mounted filesystem 3f24f411-9dc3-42aa-b180-5e8a4d358a8a r/w without journal. Quota mode: none.
[   24.243162] EXT4-fs (dm-7): mounted filesystem 127be68d-1cc0-4ea4-83f7-5c3925fb64b4 r/w with ordered data mode. Quota mode: none.
[   24.821146] macb 1f00100000.ethernet eth0: PHY [1f00100000.ethernet-ffffffff:01] driver [Broadcom BCM54213PE] (irq=POLL)
[   24.821154] macb 1f00100000.ethernet eth0: configuring for phy/rgmii-id link mode
[   24.823772] macb 1f00100000.ethernet: gem-ptp-timer ptp clock registered.
[   24.881243] warning: `grep' uses wireless extensions which will stop working for Wi-Fi 7 hardware; use nl80211
[   25.061828] NET: Registered PF_INET6 protocol family
[   25.062166] Segment Routing with IPv6
[   25.062174] In-situ OAM (IOAM) with IPv6
[   28.927602] macb 1f00100000.ethernet eth0: Link is Up - 1Gbps/Full - flow control off
[   39.793630] NFSD: Using UMH upcall client tracking operations.
[   39.796379] NFSD: Using UMH upcall client tracking operations.
[   39.796383] NFSD: starting 90-second grace period (net f0000000)
[ 7911.456545] nvme nvme0: using unchecked data buffer
[1543125.646522] EXT4-fs error (device dm-6): ext4_mb_complex_scan_group:2478: group 136, 5 free clusters as per group info. But bitmap says 0
[1543125.647515] EXT4-fs (dm-6): Delayed block allocation failed for inode 850647 at logical offset 2048 with max blocks 546 with error 117
[1543125.647522] EXT4-fs (dm-6): This should not happen!! Data will be lost

[1636080.058074] EXT4-fs (dm-6): error count since last fsck: 1
[1636080.058089] EXT4-fs (dm-6): initial error at time 1748789599: ext4_mb_complex_scan_group:2478
[1636080.058094] EXT4-fs (dm-6): last error at time 1748789599: ext4_mb_complex_scan_group:2478
[1728354.827565] EXT4-fs (dm-6): error count since last fsck: 1
[1728354.827577] EXT4-fs (dm-6): initial error at time 1748789599: ext4_mb_complex_scan_group:2478
[1728354.827583] EXT4-fs (dm-6): last error at time 1748789599: ext4_mb_complex_scan_group:2478
[1820629.613804] EXT4-fs (dm-6): error count since last fsck: 1
[1820629.613817] EXT4-fs (dm-6): initial error at time 1748789599: ext4_mb_complex_scan_group:2478
[1820629.613823] EXT4-fs (dm-6): last error at time 1748789599: ext4_mb_complex_scan_group:2478

EEPROM
------

BOOTLOADER: up to date
   CURRENT: Thu  8 May 14:13:17 UTC 2025 (1746713597)
    LATEST: Thu  8 May 14:13:17 UTC 2025 (1746713597)
   RELEASE: latest (/lib/firmware/raspberrypi/bootloader/latest)
            Use raspi-config to change the release.
